// Jest Snapshot v1, https://goo.gl/fbAQLP

exports[`CONTAINER - Game Game - Test of board render correctly 1`] = `"<div class=\\"game-content\\" data-testid=\\"game-content\\"><div><div class=\\"game-start\\"><label>Insert your username:</label><input type=\\"text\\" value=\\"\\"><button>Play</button><div></div></div></div><div><div></div><h3>Legends:</h3><p>T - Treasure</p><p>3 - Closest proximity</p><p>2 - Diagonal proximity, second to '3'</p><p>1 - Second to '2'</p><div><svg svg=\\"http://www.w3.org/2000/svg\\" xmlns=\\"http://www.w3.org/2000/svg\\" link=\\"http://www.w3.org/1999/xlink\\" version=\\"1.0\\" width=\\"30px\\" height=\\"30px\\" viewBox=\\"0 0 128 128\\" pace=\\"preserve\\"><g><path d=\\"M75.4 126.63a11.43 11.43 0 0 1-2.1-22.65 40.9 40.9 0 0 0 30.5-30.6 11.4 11.4 0 1 1 22.27 4.87h.02a63.77 63.77 0 0 1-47.8 48.05v-.02a11.38 11.38 0 0 1-2.93.37z\\" fill=\\"#636b70\\" fill-opacity=\\"1\\"></path><animateTransform attributeName=\\"transform\\" type=\\"rotate\\" from=\\"0 64 64\\" to=\\"360 64 64\\" dur=\\"1000ms\\" repeatCount=\\"indefinite\\"></animateTransform></g></svg></div><div></div></div><div class=\\"generalscore-general-score\\"><h4>TOP 10 Best Players</h4><div>No score found</div><div></div></div></div>"`;
